// Jest Snapshot v1, https://goo.gl/fbAQLP

exports[`Mock Util Should return result that match snapshot 1`] = `
Object {
  "edges": Array [
    Object {
      "source": "node-0",
      "target": "node-0",
    },
    Object {
      "source": "node-0",
      "target": "node-1",
    },
    Object {
      "source": "node-0",
      "target": "node-2",
    },
    Object {
      "source": "node-0",
      "target": "node-3",
    },
    Object {
      "source": "node-0",
      "target": "node-4",
    },
    Object {
      "source": "node-0",
      "target": "node-5",
    },
    Object {
      "source": "node-0",
      "target": "node-6",
    },
    Object {
      "source": "node-0",
      "target": "node-7",
    },
    Object {
      "source": "node-0",
      "target": "node-8",
    },
    Object {
      "source": "node-1",
      "target": "node-0",
    },
    Object {
      "source": "node-1",
      "target": "node-1",
    },
    Object {
      "source": "node-1",
      "target": "node-2",
    },
    Object {
      "source": "node-1",
      "target": "node-3",
    },
    Object {
      "source": "node-1",
      "target": "node-4",
    },
    Object {
      "source": "node-1",
      "target": "node-5",
    },
    Object {
      "source": "node-1",
      "target": "node-6",
    },
    Object {
      "source": "node-1",
      "target": "node-7",
    },
    Object {
      "source": "node-1",
      "target": "node-8",
    },
    Object {
      "source": "node-2",
      "target": "node-0",
    },
    Object {
      "source": "node-2",
      "target": "node-1",
    },
    Object {
      "source": "node-2",
      "target": "node-2",
    },
    Object {
      "source": "node-2",
      "target": "node-3",
    },
    Object {
      "source": "node-2",
      "target": "node-4",
    },
    Object {
      "source": "node-2",
      "target": "node-5",
    },
    Object {
      "source": "node-2",
      "target": "node-6",
    },
    Object {
      "source": "node-2",
      "target": "node-7",
    },
    Object {
      "source": "node-2",
      "target": "node-8",
    },
    Object {
      "source": "node-3",
      "target": "node-0",
    },
    Object {
      "source": "node-3",
      "target": "node-1",
    },
    Object {
      "source": "node-3",
      "target": "node-2",
    },
    Object {
      "source": "node-3",
      "target": "node-3",
    },
    Object {
      "source": "node-3",
      "target": "node-4",
    },
    Object {
      "source": "node-3",
      "target": "node-5",
    },
    Object {
      "source": "node-3",
      "target": "node-6",
    },
    Object {
      "source": "node-3",
      "target": "node-7",
    },
    Object {
      "source": "node-3",
      "target": "node-8",
    },
    Object {
      "source": "node-4",
      "target": "node-0",
    },
    Object {
      "source": "node-4",
      "target": "node-1",
    },
    Object {
      "source": "node-4",
      "target": "node-2",
    },
    Object {
      "source": "node-4",
      "target": "node-3",
    },
    Object {
      "source": "node-4",
      "target": "node-4",
    },
    Object {
      "source": "node-4",
      "target": "node-5",
    },
    Object {
      "source": "node-4",
      "target": "node-6",
    },
    Object {
      "source": "node-4",
      "target": "node-7",
    },
    Object {
      "source": "node-4",
      "target": "node-8",
    },
    Object {
      "source": "node-5",
      "target": "node-0",
    },
    Object {
      "source": "node-5",
      "target": "node-1",
    },
    Object {
      "source": "node-5",
      "target": "node-2",
    },
    Object {
      "source": "node-5",
      "target": "node-3",
    },
    Object {
      "source": "node-5",
      "target": "node-4",
    },
    Object {
      "source": "node-5",
      "target": "node-5",
    },
    Object {
      "source": "node-5",
      "target": "node-6",
    },
    Object {
      "source": "node-5",
      "target": "node-7",
    },
    Object {
      "source": "node-5",
      "target": "node-8",
    },
    Object {
      "source": "node-6",
      "target": "node-0",
    },
    Object {
      "source": "node-6",
      "target": "node-1",
    },
    Object {
      "source": "node-6",
      "target": "node-2",
    },
    Object {
      "source": "node-6",
      "target": "node-3",
    },
    Object {
      "source": "node-6",
      "target": "node-4",
    },
    Object {
      "source": "node-6",
      "target": "node-5",
    },
    Object {
      "source": "node-6",
      "target": "node-6",
    },
    Object {
      "source": "node-6",
      "target": "node-7",
    },
    Object {
      "source": "node-6",
      "target": "node-8",
    },
    Object {
      "source": "node-7",
      "target": "node-0",
    },
    Object {
      "source": "node-7",
      "target": "node-1",
    },
    Object {
      "source": "node-7",
      "target": "node-2",
    },
    Object {
      "source": "node-7",
      "target": "node-3",
    },
    Object {
      "source": "node-7",
      "target": "node-4",
    },
    Object {
      "source": "node-7",
      "target": "node-5",
    },
    Object {
      "source": "node-7",
      "target": "node-6",
    },
    Object {
      "source": "node-7",
      "target": "node-7",
    },
    Object {
      "source": "node-7",
      "target": "node-8",
    },
    Object {
      "source": "node-8",
      "target": "node-0",
    },
    Object {
      "source": "node-8",
      "target": "node-1",
    },
    Object {
      "source": "node-8",
      "target": "node-2",
    },
    Object {
      "source": "node-8",
      "target": "node-3",
    },
    Object {
      "source": "node-8",
      "target": "node-4",
    },
    Object {
      "source": "node-8",
      "target": "node-5",
    },
    Object {
      "source": "node-8",
      "target": "node-6",
    },
    Object {
      "source": "node-8",
      "target": "node-7",
    },
    Object {
      "source": "node-8",
      "target": "node-8",
    },
    Object {
      "source": "node-9",
      "target": "node-0",
    },
    Object {
      "source": "node-9",
      "target": "node-1",
    },
    Object {
      "source": "node-9",
      "target": "node-2",
    },
    Object {
      "source": "node-9",
      "target": "node-3",
    },
    Object {
      "source": "node-9",
      "target": "node-4",
    },
    Object {
      "source": "node-9",
      "target": "node-5",
    },
    Object {
      "source": "node-9",
      "target": "node-6",
    },
    Object {
      "source": "node-9",
      "target": "node-7",
    },
    Object {
      "source": "node-9",
      "target": "node-8",
    },
  ],
  "nodes": Array [
    Object {
      "id": "node-0",
      "label": "node-0",
      "type": "company",
    },
    Object {
      "id": "node-1",
      "label": "node-1",
      "type": "company",
    },
    Object {
      "id": "node-2",
      "label": "node-2",
      "type": "company",
    },
    Object {
      "id": "node-3",
      "label": "node-3",
      "type": "company",
    },
    Object {
      "id": "node-4",
      "label": "node-4",
      "type": "company",
    },
    Object {
      "id": "node-5",
      "label": "node-5",
      "type": "company",
    },
    Object {
      "id": "node-6",
      "label": "node-6",
      "type": "company",
    },
    Object {
      "id": "node-7",
      "label": "node-7",
      "type": "company",
    },
    Object {
      "id": "node-8",
      "label": "node-8",
      "type": "company",
    },
    Object {
      "id": "node-9",
      "label": "node-9",
      "type": "company",
    },
  ],
}
`;

exports[`Mock Util Should return result that match snapshot 2`] = `
Object {
  "edges": Array [
    Object {
      "source": "node-0",
      "target": "node-1",
    },
    Object {
      "source": "node-1",
      "target": "node-0",
    },
    Object {
      "source": "node-1",
      "target": "node-1",
    },
    Object {
      "source": "node-1",
      "target": "node-2",
    },
    Object {
      "source": "node-1",
      "target": "node-3",
    },
    Object {
      "source": "node-1",
      "target": "node-4",
    },
    Object {
      "source": "node-1",
      "target": "node-5",
    },
    Object {
      "source": "node-1",
      "target": "node-6",
    },
    Object {
      "source": "node-1",
      "target": "node-7",
    },
    Object {
      "source": "node-1",
      "target": "node-8",
    },
    Object {
      "source": "node-2",
      "target": "node-1",
    },
    Object {
      "source": "node-3",
      "target": "node-1",
    },
    Object {
      "source": "node-4",
      "target": "node-1",
    },
    Object {
      "source": "node-5",
      "target": "node-1",
    },
    Object {
      "source": "node-6",
      "target": "node-1",
    },
    Object {
      "source": "node-7",
      "target": "node-1",
    },
    Object {
      "source": "node-8",
      "target": "node-1",
    },
    Object {
      "source": "node-9",
      "target": "node-1",
    },
  ],
  "nodes": Array [
    Object {
      "id": "node-0",
      "label": "node-0",
      "type": "company",
    },
    Object {
      "id": "node-1",
      "label": "node-1",
      "type": "company",
    },
    Object {
      "id": "node-2",
      "label": "node-2",
      "type": "company",
    },
    Object {
      "id": "node-3",
      "label": "node-3",
      "type": "company",
    },
    Object {
      "id": "node-4",
      "label": "node-4",
      "type": "company",
    },
    Object {
      "id": "node-5",
      "label": "node-5",
      "type": "company",
    },
    Object {
      "id": "node-6",
      "label": "node-6",
      "type": "company",
    },
    Object {
      "id": "node-7",
      "label": "node-7",
      "type": "company",
    },
    Object {
      "id": "node-8",
      "label": "node-8",
      "type": "company",
    },
    Object {
      "id": "node-9",
      "label": "node-9",
      "type": "company",
    },
  ],
}
`;

exports[`Mock Util Should return result that match snapshot 3`] = `
Object {
  "edges": Array [
    Object {
      "source": "node-0",
      "target": "node-0",
    },
    Object {
      "source": "node-0",
      "target": "node-1",
    },
    Object {
      "source": "node-0",
      "target": "node-2",
    },
    Object {
      "source": "node-0",
      "target": "node-3",
    },
    Object {
      "source": "node-0",
      "target": "node-4",
    },
    Object {
      "source": "node-0",
      "target": "node-5",
    },
    Object {
      "source": "node-0",
      "target": "node-6",
    },
    Object {
      "source": "node-0",
      "target": "node-7",
    },
    Object {
      "source": "node-0",
      "target": "node-8",
    },
    Object {
      "source": "node-1",
      "target": "node-0",
    },
    Object {
      "source": "node-2",
      "target": "node-0",
    },
    Object {
      "source": "node-3",
      "target": "node-0",
    },
    Object {
      "source": "node-4",
      "target": "node-0",
    },
    Object {
      "source": "node-5",
      "target": "node-0",
    },
    Object {
      "source": "node-6",
      "target": "node-0",
    },
    Object {
      "source": "node-7",
      "target": "node-0",
    },
    Object {
      "source": "node-8",
      "target": "node-0",
    },
    Object {
      "source": "node-9",
      "target": "node-0",
    },
  ],
  "nodes": Array [
    Object {
      "id": "node-0",
      "label": "node-0",
      "type": "company",
    },
    Object {
      "id": "node-1",
      "label": "node-1",
      "type": "company",
    },
    Object {
      "id": "node-2",
      "label": "node-2",
      "type": "company",
    },
    Object {
      "id": "node-3",
      "label": "node-3",
      "type": "company",
    },
    Object {
      "id": "node-4",
      "label": "node-4",
      "type": "company",
    },
    Object {
      "id": "node-5",
      "label": "node-5",
      "type": "company",
    },
    Object {
      "id": "node-6",
      "label": "node-6",
      "type": "company",
    },
    Object {
      "id": "node-7",
      "label": "node-7",
      "type": "company",
    },
    Object {
      "id": "node-8",
      "label": "node-8",
      "type": "company",
    },
    Object {
      "id": "node-9",
      "label": "node-9",
      "type": "company",
    },
  ],
}
`;

exports[`Mock Util Should return result that match snapshot 4`] = `
Object {
  "combos": undefined,
  "edges": Array [
    Object {
      "source": "node-0",
      "target": "node-0",
    },
    Object {
      "source": "node-0",
      "target": "node-1",
    },
    Object {
      "source": "node-0",
      "target": "node-2",
    },
    Object {
      "source": "node-0",
      "target": "node-3",
    },
    Object {
      "source": "node-0",
      "target": "node-4",
    },
    Object {
      "source": "node-0",
      "target": "node-5",
    },
    Object {
      "source": "node-0",
      "target": "node-6",
    },
    Object {
      "source": "node-0",
      "target": "node-7",
    },
    Object {
      "source": "node-0",
      "target": "node-8",
    },
    Object {
      "source": "node-1",
      "target": "node-0",
    },
    Object {
      "source": "node-1",
      "target": "node-1",
    },
    Object {
      "source": "node-1",
      "target": "node-2",
    },
    Object {
      "source": "node-1",
      "target": "node-3",
    },
    Object {
      "source": "node-1",
      "target": "node-4",
    },
    Object {
      "source": "node-1",
      "target": "node-5",
    },
    Object {
      "source": "node-1",
      "target": "node-6",
    },
    Object {
      "source": "node-1",
      "target": "node-7",
    },
    Object {
      "source": "node-1",
      "target": "node-8",
    },
    Object {
      "source": "node-2",
      "target": "node-0",
    },
    Object {
      "source": "node-2",
      "target": "node-1",
    },
    Object {
      "source": "node-2",
      "target": "node-2",
    },
    Object {
      "source": "node-2",
      "target": "node-3",
    },
    Object {
      "source": "node-2",
      "target": "node-4",
    },
    Object {
      "source": "node-2",
      "target": "node-5",
    },
    Object {
      "source": "node-2",
      "target": "node-6",
    },
    Object {
      "source": "node-2",
      "target": "node-7",
    },
    Object {
      "source": "node-2",
      "target": "node-8",
    },
    Object {
      "source": "node-3",
      "target": "node-0",
    },
    Object {
      "source": "node-3",
      "target": "node-1",
    },
    Object {
      "source": "node-3",
      "target": "node-2",
    },
    Object {
      "source": "node-3",
      "target": "node-3",
    },
    Object {
      "source": "node-3",
      "target": "node-4",
    },
    Object {
      "source": "node-3",
      "target": "node-5",
    },
    Object {
      "source": "node-3",
      "target": "node-6",
    },
    Object {
      "source": "node-3",
      "target": "node-7",
    },
    Object {
      "source": "node-3",
      "target": "node-8",
    },
    Object {
      "source": "node-4",
      "target": "node-0",
    },
    Object {
      "source": "node-4",
      "target": "node-1",
    },
    Object {
      "source": "node-4",
      "target": "node-2",
    },
    Object {
      "source": "node-4",
      "target": "node-3",
    },
    Object {
      "source": "node-4",
      "target": "node-4",
    },
    Object {
      "source": "node-4",
      "target": "node-5",
    },
    Object {
      "source": "node-4",
      "target": "node-6",
    },
    Object {
      "source": "node-4",
      "target": "node-7",
    },
    Object {
      "source": "node-4",
      "target": "node-8",
    },
    Object {
      "source": "node-5",
      "target": "node-0",
    },
    Object {
      "source": "node-5",
      "target": "node-1",
    },
    Object {
      "source": "node-5",
      "target": "node-2",
    },
    Object {
      "source": "node-5",
      "target": "node-3",
    },
    Object {
      "source": "node-5",
      "target": "node-4",
    },
    Object {
      "source": "node-5",
      "target": "node-5",
    },
    Object {
      "source": "node-5",
      "target": "node-6",
    },
    Object {
      "source": "node-5",
      "target": "node-7",
    },
    Object {
      "source": "node-5",
      "target": "node-8",
    },
    Object {
      "source": "node-6",
      "target": "node-0",
    },
    Object {
      "source": "node-6",
      "target": "node-1",
    },
    Object {
      "source": "node-6",
      "target": "node-2",
    },
    Object {
      "source": "node-6",
      "target": "node-3",
    },
    Object {
      "source": "node-6",
      "target": "node-4",
    },
    Object {
      "source": "node-6",
      "target": "node-5",
    },
    Object {
      "source": "node-6",
      "target": "node-6",
    },
    Object {
      "source": "node-6",
      "target": "node-7",
    },
    Object {
      "source": "node-6",
      "target": "node-8",
    },
    Object {
      "source": "node-7",
      "target": "node-0",
    },
    Object {
      "source": "node-7",
      "target": "node-1",
    },
    Object {
      "source": "node-7",
      "target": "node-2",
    },
    Object {
      "source": "node-7",
      "target": "node-3",
    },
    Object {
      "source": "node-7",
      "target": "node-4",
    },
    Object {
      "source": "node-7",
      "target": "node-5",
    },
    Object {
      "source": "node-7",
      "target": "node-6",
    },
    Object {
      "source": "node-7",
      "target": "node-7",
    },
    Object {
      "source": "node-7",
      "target": "node-8",
    },
    Object {
      "source": "node-8",
      "target": "node-0",
    },
    Object {
      "source": "node-8",
      "target": "node-1",
    },
    Object {
      "source": "node-8",
      "target": "node-2",
    },
    Object {
      "source": "node-8",
      "target": "node-3",
    },
    Object {
      "source": "node-8",
      "target": "node-4",
    },
    Object {
      "source": "node-8",
      "target": "node-5",
    },
    Object {
      "source": "node-8",
      "target": "node-6",
    },
    Object {
      "source": "node-8",
      "target": "node-7",
    },
    Object {
      "source": "node-8",
      "target": "node-8",
    },
    Object {
      "source": "node-9",
      "target": "node-0",
    },
    Object {
      "source": "node-9",
      "target": "node-1",
    },
    Object {
      "source": "node-9",
      "target": "node-2",
    },
    Object {
      "source": "node-9",
      "target": "node-3",
    },
    Object {
      "source": "node-9",
      "target": "node-4",
    },
    Object {
      "source": "node-9",
      "target": "node-5",
    },
    Object {
      "source": "node-9",
      "target": "node-6",
    },
    Object {
      "source": "node-9",
      "target": "node-7",
    },
    Object {
      "source": "node-9",
      "target": "node-8",
    },
  ],
  "nodes": Array [
    Object {
      "comboId": undefined,
      "id": "node-0",
      "label": "node-0",
      "style": Object {
        "label": Object {
          "value": "node-0",
        },
      },
      "type": "graphin-circle",
    },
    Object {
      "comboId": undefined,
      "id": "node-1",
      "label": "node-1",
      "style": Object {
        "label": Object {
          "value": "node-1",
        },
      },
      "type": "graphin-circle",
    },
    Object {
      "comboId": undefined,
      "id": "node-2",
      "label": "node-2",
      "style": Object {
        "label": Object {
          "value": "node-2",
        },
      },
      "type": "graphin-circle",
    },
    Object {
      "comboId": undefined,
      "id": "node-3",
      "label": "node-3",
      "style": Object {
        "label": Object {
          "value": "node-3",
        },
      },
      "type": "graphin-circle",
    },
    Object {
      "comboId": undefined,
      "id": "node-4",
      "label": "node-4",
      "style": Object {
        "label": Object {
          "value": "node-4",
        },
      },
      "type": "graphin-circle",
    },
    Object {
      "comboId": undefined,
      "id": "node-5",
      "label": "node-5",
      "style": Object {
        "label": Object {
          "value": "node-5",
        },
      },
      "type": "graphin-circle",
    },
    Object {
      "comboId": undefined,
      "id": "node-6",
      "label": "node-6",
      "style": Object {
        "label": Object {
          "value": "node-6",
        },
      },
      "type": "graphin-circle",
    },
    Object {
      "comboId": undefined,
      "id": "node-7",
      "label": "node-7",
      "style": Object {
        "label": Object {
          "value": "node-7",
        },
      },
      "type": "graphin-circle",
    },
    Object {
      "comboId": undefined,
      "id": "node-8",
      "label": "node-8",
      "style": Object {
        "label": Object {
          "value": "node-8",
        },
      },
      "type": "graphin-circle",
    },
    Object {
      "comboId": undefined,
      "id": "node-9",
      "label": "node-9",
      "style": Object {
        "label": Object {
          "value": "node-9",
        },
      },
      "type": "graphin-circle",
    },
  ],
}
`;
